2025-10-26 10:57:16,326:WARNING:
'cuml' is a soft dependency and not included in the pycaret installation. Please run: `pip install cuml` to install.
2025-10-26 10:57:16,326:WARNING:
'cuml' is a soft dependency and not included in the pycaret installation. Please run: `pip install cuml` to install.
2025-10-26 10:57:16,327:WARNING:
'cuml' is a soft dependency and not included in the pycaret installation. Please run: `pip install cuml` to install.
2025-10-26 10:57:16,327:WARNING:
'cuml' is a soft dependency and not included in the pycaret installation. Please run: `pip install cuml` to install.
2025-10-26 10:57:19,661:INFO:PyCaret ClusteringExperiment
2025-10-26 10:57:19,661:INFO:Logging name: cluster-default-name
2025-10-26 10:57:19,663:INFO:ML Usecase: MLUsecase.CLUSTERING
2025-10-26 10:57:19,663:INFO:version 3.3.2
2025-10-26 10:57:19,663:INFO:Initializing setup()
2025-10-26 10:57:19,663:INFO:self.USI: aa66
2025-10-26 10:57:19,663:INFO:self._variable_keys: {'data', 'exp_name_log', 'n_jobs_param', 'html_param', 'seed', 'idx', 'pipeline', '_ml_usecase', 'X', 'memory', 'gpu_n_jobs_param', 'USI', 'logging_param', '_available_plots', 'exp_id', 'log_plots_param', 'gpu_param'}
2025-10-26 10:57:19,663:INFO:Checking environment
2025-10-26 10:57:19,663:INFO:python_version: 3.11.6
2025-10-26 10:57:19,663:INFO:python_build: ('tags/v3.11.6:8b6ee5b', 'Oct  2 2023 14:57:12')
2025-10-26 10:57:19,663:INFO:machine: AMD64
2025-10-26 10:57:19,664:INFO:platform: Windows-10-10.0.22631-SP0
2025-10-26 10:57:19,667:INFO:Memory: svmem(total=8373600256, available=794767360, percent=90.5, used=7578832896, free=794767360)
2025-10-26 10:57:19,667:INFO:Physical Core: 4
2025-10-26 10:57:19,667:INFO:Logical Core: 8
2025-10-26 10:57:19,667:INFO:Checking libraries
2025-10-26 10:57:19,667:INFO:System:
2025-10-26 10:57:19,667:INFO:    python: 3.11.6 (tags/v3.11.6:8b6ee5b, Oct  2 2023, 14:57:12) [MSC v.1935 64 bit (AMD64)]
2025-10-26 10:57:19,667:INFO:executable: c:\Users\dhadu\AppData\Local\Programs\Python\Python311\python.exe
2025-10-26 10:57:19,667:INFO:   machine: Windows-10-10.0.22631-SP0
2025-10-26 10:57:19,667:INFO:PyCaret required dependencies:
2025-10-26 10:57:21,481:INFO:                 pip: 23.2.1
2025-10-26 10:57:21,481:INFO:          setuptools: 65.5.0
2025-10-26 10:57:21,481:INFO:             pycaret: 3.3.2
2025-10-26 10:57:21,482:INFO:             IPython: 9.6.0
2025-10-26 10:57:21,482:INFO:          ipywidgets: 8.1.7
2025-10-26 10:57:21,482:INFO:                tqdm: 4.67.1
2025-10-26 10:57:21,482:INFO:               numpy: 1.26.4
2025-10-26 10:57:21,482:INFO:              pandas: 2.1.4
2025-10-26 10:57:21,482:INFO:              jinja2: 3.1.6
2025-10-26 10:57:21,482:INFO:               scipy: 1.11.4
2025-10-26 10:57:21,482:INFO:              joblib: 1.3.2
2025-10-26 10:57:21,482:INFO:             sklearn: 1.4.2
2025-10-26 10:57:21,482:INFO:                pyod: 2.0.5
2025-10-26 10:57:21,482:INFO:            imblearn: 0.14.0
2025-10-26 10:57:21,482:INFO:   category_encoders: 2.7.0
2025-10-26 10:57:21,482:INFO:            lightgbm: 4.6.0
2025-10-26 10:57:21,482:INFO:               numba: 0.61.0
2025-10-26 10:57:21,482:INFO:            requests: 2.32.5
2025-10-26 10:57:21,482:INFO:          matplotlib: 3.7.5
2025-10-26 10:57:21,482:INFO:          scikitplot: 0.3.7
2025-10-26 10:57:21,482:INFO:         yellowbrick: 1.5
2025-10-26 10:57:21,482:INFO:              plotly: 5.24.1
2025-10-26 10:57:21,482:INFO:    plotly-resampler: Not installed
2025-10-26 10:57:21,482:INFO:             kaleido: 1.1.0
2025-10-26 10:57:21,482:INFO:           schemdraw: 0.15
2025-10-26 10:57:21,482:INFO:         statsmodels: 0.14.5
2025-10-26 10:57:21,482:INFO:              sktime: 0.26.0
2025-10-26 10:57:21,482:INFO:               tbats: 1.1.3
2025-10-26 10:57:21,482:INFO:            pmdarima: 2.0.4
2025-10-26 10:57:21,482:INFO:              psutil: 7.1.2
2025-10-26 10:57:21,482:INFO:          markupsafe: 3.0.3
2025-10-26 10:57:21,483:INFO:             pickle5: Not installed
2025-10-26 10:57:21,483:INFO:         cloudpickle: 3.1.1
2025-10-26 10:57:21,483:INFO:         deprecation: 2.1.0
2025-10-26 10:57:21,483:INFO:              xxhash: 3.6.0
2025-10-26 10:57:21,483:INFO:           wurlitzer: Not installed
2025-10-26 10:57:21,483:INFO:PyCaret optional dependencies:
2025-10-26 10:57:29,822:INFO:                shap: 0.44.1
2025-10-26 10:57:29,822:INFO:           interpret: 0.7.3
2025-10-26 10:57:29,822:INFO:                umap: 0.5.7
2025-10-26 10:57:29,822:INFO:     ydata_profiling: 4.17.0
2025-10-26 10:57:29,822:INFO:  explainerdashboard: 0.5.1
2025-10-26 10:57:29,822:INFO:             autoviz: Not installed
2025-10-26 10:57:29,822:INFO:           fairlearn: 0.7.0
2025-10-26 10:57:29,822:INFO:          deepchecks: Not installed
2025-10-26 10:57:29,822:INFO:             xgboost: Not installed
2025-10-26 10:57:29,822:INFO:            catboost: 1.2.8
2025-10-26 10:57:29,822:INFO:              kmodes: 0.12.2
2025-10-26 10:57:29,822:INFO:             mlxtend: 0.23.4
2025-10-26 10:57:29,822:INFO:       statsforecast: 1.5.0
2025-10-26 10:57:29,822:INFO:        tune_sklearn: Not installed
2025-10-26 10:57:29,822:INFO:                 ray: Not installed
2025-10-26 10:57:29,822:INFO:            hyperopt: 0.2.7
2025-10-26 10:57:29,822:INFO:              optuna: 4.5.0
2025-10-26 10:57:29,822:INFO:               skopt: 0.10.2
2025-10-26 10:57:29,822:INFO:              mlflow: 3.5.1
2025-10-26 10:57:29,822:INFO:              gradio: 5.49.1
2025-10-26 10:57:29,822:INFO:             fastapi: 0.120.0
2025-10-26 10:57:29,822:INFO:             uvicorn: 0.38.0
2025-10-26 10:57:29,822:INFO:              m2cgen: 0.10.0
2025-10-26 10:57:29,822:INFO:           evidently: 0.4.40
2025-10-26 10:57:29,822:INFO:               fugue: 0.8.7
2025-10-26 10:57:29,823:INFO:           streamlit: Not installed
2025-10-26 10:57:29,823:INFO:             prophet: Not installed
2025-10-26 10:57:29,823:INFO:None
2025-10-26 10:57:29,823:INFO:Set up GPU usage.
2025-10-26 10:57:29,823:WARNING:
'cuml' is a soft dependency and not included in the pycaret installation. Please run: `pip install cuml` to install.
2025-10-26 10:57:29,823:WARNING:cuML is outdated or not found. Required version is >=23.08.
                Please visit https://rapids.ai/install for installation instructions.
2025-10-26 10:57:29,823:INFO:Set up data.
2025-10-26 10:57:29,826:INFO:Set up index.
2025-10-26 10:57:29,826:INFO:Assigning column types.
2025-10-26 10:57:29,828:INFO:Engine successfully changes for model 'kmeans' to 'sklearn'.
2025-10-26 10:57:29,828:WARNING:
'cuml' is a soft dependency and not included in the pycaret installation. Please run: `pip install cuml` to install.
2025-10-26 10:57:29,828:INFO:Engine for model 'dbscan' has not been set explicitly, hence returning None.
2025-10-26 10:57:29,828:WARNING:
'cuml' is a soft dependency and not included in the pycaret installation. Please run: `pip install cuml` to install.
2025-10-26 10:57:29,828:INFO:Soft dependency imported: kmodes: 0.12.2
2025-10-26 10:57:29,837:WARNING:
'cuml' is a soft dependency and not included in the pycaret installation. Please run: `pip install cuml` to install.
2025-10-26 10:57:29,837:INFO:Engine for model 'dbscan' has not been set explicitly, hence returning None.
2025-10-26 10:57:29,837:WARNING:
'cuml' is a soft dependency and not included in the pycaret installation. Please run: `pip install cuml` to install.
2025-10-26 10:57:29,837:INFO:Soft dependency imported: kmodes: 0.12.2
2025-10-26 10:57:29,837:INFO:Engine successfully changes for model 'dbscan' to 'sklearn'.
2025-10-26 10:57:29,837:WARNING:
'cuml' is a soft dependency and not included in the pycaret installation. Please run: `pip install cuml` to install.
2025-10-26 10:57:29,837:WARNING:
'cuml' is a soft dependency and not included in the pycaret installation. Please run: `pip install cuml` to install.
2025-10-26 10:57:29,838:INFO:Soft dependency imported: kmodes: 0.12.2
2025-10-26 10:57:29,838:WARNING:
'cuml' is a soft dependency and not included in the pycaret installation. Please run: `pip install cuml` to install.
2025-10-26 10:57:29,838:WARNING:
'cuml' is a soft dependency and not included in the pycaret installation. Please run: `pip install cuml` to install.
2025-10-26 10:57:29,838:INFO:Soft dependency imported: kmodes: 0.12.2
2025-10-26 10:57:29,839:INFO:Preparing preprocessing pipeline...
2025-10-26 10:57:29,839:INFO:Set up simple imputation.
2025-10-26 10:57:29,839:INFO:Set up feature normalization.
2025-10-26 10:57:29,871:INFO:Finished creating preprocessing pipeline.
2025-10-26 10:57:29,877:INFO:Pipeline: Pipeline(memory=FastMemory(location=C:\Users\dhadu\AppData\Local\Temp\joblib),
         steps=[('numerical_imputer',
                 TransformerWrapper(include=['Channel', 'Region', 'Fresh',
                                             'Milk', 'Grocery', 'Frozen',
                                             'Detergents_Paper', 'Delicassen'],
                                    transformer=SimpleImputer())),
                ('categorical_imputer',
                 TransformerWrapper(include=[],
                                    transformer=SimpleImputer(strategy='most_frequent'))),
                ('normalize',
                 TransformerWrapper(transformer=StandardScaler()))])
2025-10-26 10:57:29,877:INFO:Creating final display dataframe.
2025-10-26 10:57:29,901:INFO:Setup _display_container:                Description                 Value
0               Session id                   123
1      Original data shape              (440, 8)
2   Transformed data shape              (440, 8)
3         Numeric features                     8
4               Preprocess                  True
5          Imputation type                simple
6       Numeric imputation                  mean
7   Categorical imputation                  mode
8                Normalize                  True
9         Normalize method                zscore
10                CPU Jobs                    -1
11                 Use GPU                  True
12          Log Experiment                 False
13         Experiment Name  cluster-default-name
14                     USI                  aa66
2025-10-26 10:57:29,906:WARNING:
'cuml' is a soft dependency and not included in the pycaret installation. Please run: `pip install cuml` to install.
2025-10-26 10:57:29,907:WARNING:
'cuml' is a soft dependency and not included in the pycaret installation. Please run: `pip install cuml` to install.
2025-10-26 10:57:29,907:INFO:Soft dependency imported: kmodes: 0.12.2
2025-10-26 10:57:29,907:WARNING:
'cuml' is a soft dependency and not included in the pycaret installation. Please run: `pip install cuml` to install.
2025-10-26 10:57:29,907:WARNING:
'cuml' is a soft dependency and not included in the pycaret installation. Please run: `pip install cuml` to install.
2025-10-26 10:57:29,907:INFO:Soft dependency imported: kmodes: 0.12.2
2025-10-26 10:57:29,908:INFO:setup() successfully completed in 10.25s...............
2025-10-26 10:57:29,924:INFO:Initializing create_model()
2025-10-26 10:57:29,924:INFO:create_model(self=<pycaret.clustering.oop.ClusteringExperiment object at 0x000001AB89419D10>, estimator=kmeans, num_clusters=4, fraction=0.05, ground_truth=None, round=4, fit_kwargs=None, experiment_custom_tags=None, verbose=True, system=True, add_to_model_list=True, raise_num_clusters=False, display=None, kwargs={})
2025-10-26 10:57:29,924:INFO:Checking exceptions
2025-10-26 10:57:30,017:INFO:Importing untrained model
2025-10-26 10:57:30,026:INFO:K-Means Clustering Imported successfully
2025-10-26 10:57:30,034:INFO:Fitting Model
2025-10-26 10:57:30,292:INFO:KMeans(n_clusters=4, random_state=123)
2025-10-26 10:57:30,292:INFO:create_models() successfully completed......................................
2025-10-26 10:57:30,295:INFO:Uploading results into container
2025-10-26 10:57:30,297:INFO:Uploading model into container now
2025-10-26 10:57:30,304:INFO:_master_model_container: 1
2025-10-26 10:57:30,304:INFO:_display_container: 2
2025-10-26 10:57:30,305:INFO:KMeans(n_clusters=4, random_state=123)
2025-10-26 10:57:30,305:INFO:create_model() successfully completed......................................
2025-10-26 10:57:30,445:INFO:gpu_param set to True
2025-10-26 10:57:30,445:WARNING:
'cuml' is a soft dependency and not included in the pycaret installation. Please run: `pip install cuml` to install.
2025-10-26 10:57:30,446:WARNING:
'cuml' is a soft dependency and not included in the pycaret installation. Please run: `pip install cuml` to install.
2025-10-26 10:57:30,446:INFO:Soft dependency imported: kmodes: 0.12.2
2025-10-26 10:57:30,446:WARNING:
'cuml' is a soft dependency and not included in the pycaret installation. Please run: `pip install cuml` to install.
2025-10-26 10:57:30,446:WARNING:
'cuml' is a soft dependency and not included in the pycaret installation. Please run: `pip install cuml` to install.
2025-10-26 10:57:30,447:INFO:Soft dependency imported: kmodes: 0.12.2
2025-10-26 10:57:30,468:INFO:Initializing plot_model()
2025-10-26 10:57:30,469:INFO:plot_model(self=<pycaret.clustering.oop.ClusteringExperiment object at 0x000001AB89419D10>, estimator=KMeans(n_clusters=4, random_state=123), plot=cluster, scale=1, save=False, fold=None, fit_kwargs=None, plot_kwargs=None, groups=None, feature_name=None, label=False, verbose=True, system=True, display=None, display_format=None)
2025-10-26 10:57:30,469:INFO:Checking exceptions
2025-10-26 10:57:30,472:INFO:Preloading libraries
2025-10-26 10:57:30,472:INFO:Copying training dataset
2025-10-26 10:57:30,472:INFO:Plot type: cluster
2025-10-26 10:57:30,473:INFO:SubProcess assign_model() called ==================================
2025-10-26 10:57:30,473:INFO:Initializing assign_model()
2025-10-26 10:57:30,473:INFO:assign_model(self=<pycaret.clustering.oop.ClusteringExperiment object at 0x000001AB89419D10>, model=KMeans(n_clusters=4, random_state=123), transformation=True, score=True, verbose=False)
2025-10-26 10:57:30,473:INFO:Checking exceptions
2025-10-26 10:57:30,474:INFO:Determining Trained Model
2025-10-26 10:57:30,474:INFO:Trained Model : K-Means Clustering
2025-10-26 10:57:30,474:INFO:Copying data
2025-10-26 10:57:30,491:INFO:Transformation parameter set to True. Assigned clusters are attached on transformed dataset.
2025-10-26 10:57:30,491:INFO:(440, 9)
2025-10-26 10:57:30,491:INFO:assign_model() successfully completed......................................
2025-10-26 10:57:30,492:INFO:SubProcess assign_model() end ==================================
2025-10-26 10:57:30,493:INFO:Fitting PCA()
2025-10-26 10:57:30,495:INFO:Sorting dataframe
2025-10-26 10:57:30,496:INFO:Rendering Visual
2025-10-26 10:57:31,210:WARNING:C:\Users\dhadu\AppData\Roaming\Python\Python311\site-packages\kaleido\_sync_server.py:11: UserWarning:



Warning: You have Plotly version 5.24.1, which is not compatible with this version of Kaleido (1.1.0).

This means that static image generation (e.g. `fig.write_image()`) will not work.

Please upgrade Plotly to version 6.1.1 or greater, or downgrade Kaleido to version 0.2.1.



2025-10-26 10:57:31,716:INFO:Visual Rendered Successfully
2025-10-26 10:57:31,852:INFO:plot_model() successfully completed......................................
2025-10-26 10:57:31,853:INFO:Initializing plot_model()
2025-10-26 10:57:31,853:INFO:plot_model(self=<pycaret.clustering.oop.ClusteringExperiment object at 0x000001AB89419D10>, estimator=KMeans(n_clusters=4, random_state=123), plot=elbow, scale=1, save=False, fold=None, fit_kwargs=None, plot_kwargs=None, groups=None, feature_name=None, label=False, verbose=True, system=True, display=None, display_format=None)
2025-10-26 10:57:31,853:INFO:Checking exceptions
2025-10-26 10:57:31,856:INFO:Preloading libraries
2025-10-26 10:57:31,856:INFO:Copying training dataset
2025-10-26 10:57:31,856:INFO:Plot type: elbow
2025-10-26 10:57:31,926:INFO:Fitting Model
2025-10-26 10:57:32,316:INFO:Visual Rendered Successfully
2025-10-26 10:57:32,454:INFO:plot_model() successfully completed......................................
2025-10-26 10:57:32,479:INFO:Initializing save_model()
2025-10-26 10:57:32,479:INFO:save_model(model=KMeans(n_clusters=4, random_state=123), model_name=kmeans_segmentation_model, prep_pipe_=Pipeline(memory=FastMemory(location=C:\Users\dhadu\AppData\Local\Temp\joblib),
         steps=[('numerical_imputer',
                 TransformerWrapper(include=['Channel', 'Region', 'Fresh',
                                             'Milk', 'Grocery', 'Frozen',
                                             'Detergents_Paper', 'Delicassen'],
                                    transformer=SimpleImputer())),
                ('categorical_imputer',
                 TransformerWrapper(include=[],
                                    transformer=SimpleImputer(strategy='most_frequent'))),
                ('normalize',
                 TransformerWrapper(transformer=StandardScaler()))]), verbose=True, use_case=MLUsecase.CLUSTERING, kwargs={})
2025-10-26 10:57:32,479:INFO:Adding model into prep_pipe
2025-10-26 10:57:32,587:INFO:kmeans_segmentation_model.pkl saved in current working directory
2025-10-26 10:57:32,592:INFO:Pipeline(memory=Memory(location=None),
         steps=[('numerical_imputer',
                 TransformerWrapper(include=['Channel', 'Region', 'Fresh',
                                             'Milk', 'Grocery', 'Frozen',
                                             'Detergents_Paper', 'Delicassen'],
                                    transformer=SimpleImputer())),
                ('categorical_imputer',
                 TransformerWrapper(include=[],
                                    transformer=SimpleImputer(strategy='most_frequent'))),
                ('normalize', TransformerWrapper(transformer=StandardScaler())),
                ('trained_model', KMeans(n_clusters=4, random_state=123))])
2025-10-26 10:57:32,592:INFO:save_model() successfully completed......................................
2025-10-26 10:57:32,727:INFO:Initializing assign_model()
2025-10-26 10:57:32,727:INFO:assign_model(self=<pycaret.clustering.oop.ClusteringExperiment object at 0x000001AB89419D10>, model=KMeans(n_clusters=4, random_state=123), transformation=False, score=True, verbose=True)
2025-10-26 10:57:32,727:INFO:Checking exceptions
2025-10-26 10:57:32,727:INFO:Determining Trained Model
2025-10-26 10:57:32,728:INFO:Trained Model : K-Means Clustering
2025-10-26 10:57:32,728:INFO:Copying data
2025-10-26 10:57:32,729:INFO:(440, 9)
2025-10-26 10:57:32,729:INFO:assign_model() successfully completed......................................
2025-10-26 10:57:32,730:INFO:Initializing predict_model()
2025-10-26 10:57:32,730:INFO:predict_model(self=<pycaret.clustering.oop.ClusteringExperiment object at 0x000001AB89419D10>, estimator=KMeans(n_clusters=4, random_state=123), ml_usecase=None)
