2025-10-26 11:50:37,844:WARNING:
'cuml' is a soft dependency and not included in the pycaret installation. Please run: `pip install cuml` to install.
2025-10-26 11:50:37,845:WARNING:
'cuml' is a soft dependency and not included in the pycaret installation. Please run: `pip install cuml` to install.
2025-10-26 11:50:37,845:WARNING:
'cuml' is a soft dependency and not included in the pycaret installation. Please run: `pip install cuml` to install.
2025-10-26 11:50:37,845:WARNING:
'cuml' is a soft dependency and not included in the pycaret installation. Please run: `pip install cuml` to install.
2025-10-26 11:50:53,053:INFO:PyCaret AnomalyExperiment
2025-10-26 11:50:53,053:INFO:Logging name: anomaly-default-name
2025-10-26 11:50:53,055:INFO:ML Usecase: MLUsecase.ANOMALY
2025-10-26 11:50:53,055:INFO:version 3.3.2
2025-10-26 11:50:53,055:INFO:Initializing setup()
2025-10-26 11:50:53,055:INFO:self.USI: c0b7
2025-10-26 11:50:53,055:INFO:self._variable_keys: {'USI', 'memory', 'X', 'n_jobs_param', 'exp_name_log', 'gpu_param', '_available_plots', 'idx', '_ml_usecase', 'pipeline', 'logging_param', 'exp_id', 'data', 'html_param', 'log_plots_param', 'seed', 'gpu_n_jobs_param'}
2025-10-26 11:50:53,055:INFO:Checking environment
2025-10-26 11:50:53,056:INFO:python_version: 3.11.6
2025-10-26 11:50:53,056:INFO:python_build: ('tags/v3.11.6:8b6ee5b', 'Oct  2 2023 14:57:12')
2025-10-26 11:50:53,056:INFO:machine: AMD64
2025-10-26 11:50:53,056:INFO:platform: Windows-10-10.0.22631-SP0
2025-10-26 11:50:53,064:INFO:Memory: svmem(total=8373600256, available=531341312, percent=93.7, used=7842258944, free=531341312)
2025-10-26 11:50:53,065:INFO:Physical Core: 4
2025-10-26 11:50:53,065:INFO:Logical Core: 8
2025-10-26 11:50:53,065:INFO:Checking libraries
2025-10-26 11:50:53,065:INFO:System:
2025-10-26 11:50:53,065:INFO:    python: 3.11.6 (tags/v3.11.6:8b6ee5b, Oct  2 2023, 14:57:12) [MSC v.1935 64 bit (AMD64)]
2025-10-26 11:50:53,065:INFO:executable: c:\Users\dhadu\AppData\Local\Programs\Python\Python311\python.exe
2025-10-26 11:50:53,065:INFO:   machine: Windows-10-10.0.22631-SP0
2025-10-26 11:50:53,065:INFO:PyCaret required dependencies:
2025-10-26 11:50:55,251:INFO:                 pip: 23.2.1
2025-10-26 11:50:55,251:INFO:          setuptools: 65.5.0
2025-10-26 11:50:55,252:INFO:             pycaret: 3.3.2
2025-10-26 11:50:55,252:INFO:             IPython: 9.6.0
2025-10-26 11:50:55,252:INFO:          ipywidgets: 8.1.7
2025-10-26 11:50:55,252:INFO:                tqdm: 4.67.1
2025-10-26 11:50:55,252:INFO:               numpy: 1.26.4
2025-10-26 11:50:55,252:INFO:              pandas: 2.1.4
2025-10-26 11:50:55,252:INFO:              jinja2: 3.1.6
2025-10-26 11:50:55,252:INFO:               scipy: 1.11.4
2025-10-26 11:50:55,252:INFO:              joblib: 1.3.2
2025-10-26 11:50:55,252:INFO:             sklearn: 1.4.2
2025-10-26 11:50:55,252:INFO:                pyod: 2.0.5
2025-10-26 11:50:55,252:INFO:            imblearn: 0.14.0
2025-10-26 11:50:55,252:INFO:   category_encoders: 2.7.0
2025-10-26 11:50:55,252:INFO:            lightgbm: 4.6.0
2025-10-26 11:50:55,252:INFO:               numba: 0.61.0
2025-10-26 11:50:55,253:INFO:            requests: 2.32.5
2025-10-26 11:50:55,253:INFO:          matplotlib: 3.7.5
2025-10-26 11:50:55,253:INFO:          scikitplot: 0.3.7
2025-10-26 11:50:55,253:INFO:         yellowbrick: 1.5
2025-10-26 11:50:55,253:INFO:              plotly: 5.24.1
2025-10-26 11:50:55,253:INFO:    plotly-resampler: Not installed
2025-10-26 11:50:55,253:INFO:             kaleido: 1.1.0
2025-10-26 11:50:55,253:INFO:           schemdraw: 0.15
2025-10-26 11:50:55,253:INFO:         statsmodels: 0.14.5
2025-10-26 11:50:55,253:INFO:              sktime: 0.26.0
2025-10-26 11:50:55,253:INFO:               tbats: 1.1.3
2025-10-26 11:50:55,253:INFO:            pmdarima: 2.0.4
2025-10-26 11:50:55,253:INFO:              psutil: 7.1.2
2025-10-26 11:50:55,253:INFO:          markupsafe: 3.0.3
2025-10-26 11:50:55,253:INFO:             pickle5: Not installed
2025-10-26 11:50:55,253:INFO:         cloudpickle: 3.1.1
2025-10-26 11:50:55,271:INFO:         deprecation: 2.1.0
2025-10-26 11:50:55,271:INFO:              xxhash: 3.6.0
2025-10-26 11:50:55,271:INFO:           wurlitzer: Not installed
2025-10-26 11:50:55,271:INFO:PyCaret optional dependencies:
2025-10-26 11:51:07,723:INFO:                shap: 0.44.1
2025-10-26 11:51:07,724:INFO:           interpret: 0.7.3
2025-10-26 11:51:07,724:INFO:                umap: 0.5.7
2025-10-26 11:51:07,724:INFO:     ydata_profiling: 4.17.0
2025-10-26 11:51:07,724:INFO:  explainerdashboard: 0.5.1
2025-10-26 11:51:07,724:INFO:             autoviz: Not installed
2025-10-26 11:51:07,724:INFO:           fairlearn: 0.7.0
2025-10-26 11:51:07,724:INFO:          deepchecks: Not installed
2025-10-26 11:51:07,724:INFO:             xgboost: Not installed
2025-10-26 11:51:07,724:INFO:            catboost: 1.2.8
2025-10-26 11:51:07,724:INFO:              kmodes: 0.12.2
2025-10-26 11:51:07,724:INFO:             mlxtend: 0.23.4
2025-10-26 11:51:07,724:INFO:       statsforecast: 1.5.0
2025-10-26 11:51:07,724:INFO:        tune_sklearn: Not installed
2025-10-26 11:51:07,725:INFO:                 ray: Not installed
2025-10-26 11:51:07,725:INFO:            hyperopt: 0.2.7
2025-10-26 11:51:07,725:INFO:              optuna: 4.5.0
2025-10-26 11:51:07,725:INFO:               skopt: 0.10.2
2025-10-26 11:51:07,725:INFO:              mlflow: 3.5.1
2025-10-26 11:51:07,725:INFO:              gradio: 5.49.1
2025-10-26 11:51:07,725:INFO:             fastapi: 0.120.0
2025-10-26 11:51:07,725:INFO:             uvicorn: 0.38.0
2025-10-26 11:51:07,725:INFO:              m2cgen: 0.10.0
2025-10-26 11:51:07,725:INFO:           evidently: 0.4.40
2025-10-26 11:51:07,725:INFO:               fugue: 0.8.7
2025-10-26 11:51:07,725:INFO:           streamlit: Not installed
2025-10-26 11:51:07,725:INFO:             prophet: Not installed
2025-10-26 11:51:07,725:INFO:None
2025-10-26 11:51:07,726:INFO:Set up GPU usage.
2025-10-26 11:51:07,726:WARNING:
'cuml' is a soft dependency and not included in the pycaret installation. Please run: `pip install cuml` to install.
2025-10-26 11:51:07,726:WARNING:cuML is outdated or not found. Required version is >=23.08.
                Please visit https://rapids.ai/install for installation instructions.
2025-10-26 11:51:07,726:INFO:Set up data.
2025-10-26 11:53:35,401:INFO:Set up index.
2025-10-26 11:53:35,454:INFO:Assigning column types.
2025-10-26 11:53:36,530:INFO:Engine successfully changes for model 'kmeans' to 'sklearn'.
2025-10-26 11:53:37,495:INFO:Engine successfully changes for model 'dbscan' to 'sklearn'.
2025-10-26 11:53:37,610:INFO:Preparing preprocessing pipeline...
2025-10-26 11:53:37,613:INFO:Set up simple imputation.
2025-10-26 11:53:41,387:INFO:Set up encoding of categorical features.
2025-10-26 11:53:41,412:INFO:Set up feature normalization.
2025-10-26 11:56:00,591:WARNING:C:\Users\dhadu\AppData\Roaming\Python\Python311\site-packages\pycaret\internal\pipeline.py:249: UserWarning: Persisting input arguments took 76.74s to run.If this happens often in your code, it can cause performance problems (results will be correct in all cases). The reason for this is probably some large input arguments for a wrapped function.

2025-10-26 11:59:33,744:WARNING:C:\Users\dhadu\AppData\Roaming\Python\Python311\site-packages\pycaret\internal\pipeline.py:256: UserWarning: Persisting input arguments took 82.61s to run.If this happens often in your code, it can cause performance problems (results will be correct in all cases). The reason for this is probably some large input arguments for a wrapped function.

2025-10-26 12:02:41,441:INFO:PyCaret AnomalyExperiment
2025-10-26 12:02:41,442:INFO:Logging name: anomaly-default-name
2025-10-26 12:02:41,442:INFO:ML Usecase: MLUsecase.ANOMALY
2025-10-26 12:02:41,442:INFO:version 3.3.2
2025-10-26 12:02:41,442:INFO:Initializing setup()
2025-10-26 12:02:41,442:INFO:self.USI: 8496
2025-10-26 12:02:41,442:INFO:self._variable_keys: {'USI', 'memory', 'X', 'n_jobs_param', 'exp_name_log', 'gpu_param', '_available_plots', 'idx', '_ml_usecase', 'pipeline', 'logging_param', 'exp_id', 'data', 'html_param', 'log_plots_param', 'seed', 'gpu_n_jobs_param'}
2025-10-26 12:02:41,446:INFO:Checking environment
2025-10-26 12:02:41,447:INFO:python_version: 3.11.6
2025-10-26 12:02:41,447:INFO:python_build: ('tags/v3.11.6:8b6ee5b', 'Oct  2 2023 14:57:12')
2025-10-26 12:02:41,447:INFO:machine: AMD64
2025-10-26 12:02:41,447:INFO:platform: Windows-10-10.0.22631-SP0
2025-10-26 12:02:41,457:INFO:Memory: svmem(total=8373600256, available=1437110272, percent=82.8, used=6936489984, free=1437110272)
2025-10-26 12:02:41,458:INFO:Physical Core: 4
2025-10-26 12:02:41,458:INFO:Logical Core: 8
2025-10-26 12:02:41,458:INFO:Checking libraries
2025-10-26 12:02:41,458:INFO:System:
2025-10-26 12:02:41,458:INFO:    python: 3.11.6 (tags/v3.11.6:8b6ee5b, Oct  2 2023, 14:57:12) [MSC v.1935 64 bit (AMD64)]
2025-10-26 12:02:41,458:INFO:executable: c:\Users\dhadu\AppData\Local\Programs\Python\Python311\python.exe
2025-10-26 12:02:41,458:INFO:   machine: Windows-10-10.0.22631-SP0
2025-10-26 12:02:41,459:INFO:PyCaret required dependencies:
2025-10-26 12:02:41,459:INFO:                 pip: 23.2.1
2025-10-26 12:02:41,459:INFO:          setuptools: 65.5.0
2025-10-26 12:02:41,459:INFO:             pycaret: 3.3.2
2025-10-26 12:02:41,459:INFO:             IPython: 9.6.0
2025-10-26 12:02:41,459:INFO:          ipywidgets: 8.1.7
2025-10-26 12:02:41,459:INFO:                tqdm: 4.67.1
2025-10-26 12:02:41,460:INFO:               numpy: 1.26.4
2025-10-26 12:02:41,460:INFO:              pandas: 2.1.4
2025-10-26 12:02:41,460:INFO:              jinja2: 3.1.6
2025-10-26 12:02:41,460:INFO:               scipy: 1.11.4
2025-10-26 12:02:41,460:INFO:              joblib: 1.3.2
2025-10-26 12:02:41,461:INFO:             sklearn: 1.4.2
2025-10-26 12:02:41,461:INFO:                pyod: 2.0.5
2025-10-26 12:02:41,461:INFO:            imblearn: 0.14.0
2025-10-26 12:02:41,461:INFO:   category_encoders: 2.7.0
2025-10-26 12:02:41,461:INFO:            lightgbm: 4.6.0
2025-10-26 12:02:41,461:INFO:               numba: 0.61.0
2025-10-26 12:02:41,462:INFO:            requests: 2.32.5
2025-10-26 12:02:41,462:INFO:          matplotlib: 3.7.5
2025-10-26 12:02:41,462:INFO:          scikitplot: 0.3.7
2025-10-26 12:02:41,462:INFO:         yellowbrick: 1.5
2025-10-26 12:02:41,462:INFO:              plotly: 5.24.1
2025-10-26 12:02:41,462:INFO:    plotly-resampler: Not installed
2025-10-26 12:02:41,462:INFO:             kaleido: 1.1.0
2025-10-26 12:02:41,462:INFO:           schemdraw: 0.15
2025-10-26 12:02:41,463:INFO:         statsmodels: 0.14.5
2025-10-26 12:02:41,463:INFO:              sktime: 0.26.0
2025-10-26 12:02:41,463:INFO:               tbats: 1.1.3
2025-10-26 12:02:41,463:INFO:            pmdarima: 2.0.4
2025-10-26 12:02:41,463:INFO:              psutil: 7.1.2
2025-10-26 12:02:41,463:INFO:          markupsafe: 3.0.3
2025-10-26 12:02:41,463:INFO:             pickle5: Not installed
2025-10-26 12:02:41,463:INFO:         cloudpickle: 3.1.1
2025-10-26 12:02:41,464:INFO:         deprecation: 2.1.0
2025-10-26 12:02:41,464:INFO:              xxhash: 3.6.0
2025-10-26 12:02:41,464:INFO:           wurlitzer: Not installed
2025-10-26 12:02:41,464:INFO:PyCaret optional dependencies:
2025-10-26 12:02:41,464:INFO:                shap: 0.44.1
2025-10-26 12:02:41,464:INFO:           interpret: 0.7.3
2025-10-26 12:02:41,464:INFO:                umap: 0.5.7
2025-10-26 12:02:41,464:INFO:     ydata_profiling: 4.17.0
2025-10-26 12:02:41,465:INFO:  explainerdashboard: 0.5.1
2025-10-26 12:02:41,465:INFO:             autoviz: Not installed
2025-10-26 12:02:41,465:INFO:           fairlearn: 0.7.0
2025-10-26 12:02:41,465:INFO:          deepchecks: Not installed
2025-10-26 12:02:41,465:INFO:             xgboost: Not installed
2025-10-26 12:02:41,465:INFO:            catboost: 1.2.8
2025-10-26 12:02:41,465:INFO:              kmodes: 0.12.2
2025-10-26 12:02:41,465:INFO:             mlxtend: 0.23.4
2025-10-26 12:02:41,465:INFO:       statsforecast: 1.5.0
2025-10-26 12:02:41,466:INFO:        tune_sklearn: Not installed
2025-10-26 12:02:41,466:INFO:                 ray: Not installed
2025-10-26 12:02:41,466:INFO:            hyperopt: 0.2.7
2025-10-26 12:02:41,466:INFO:              optuna: 4.5.0
2025-10-26 12:02:41,466:INFO:               skopt: 0.10.2
2025-10-26 12:02:41,466:INFO:              mlflow: 3.5.1
2025-10-26 12:02:41,466:INFO:              gradio: 5.49.1
2025-10-26 12:02:41,467:INFO:             fastapi: 0.120.0
2025-10-26 12:02:41,467:INFO:             uvicorn: 0.38.0
2025-10-26 12:02:41,467:INFO:              m2cgen: 0.10.0
2025-10-26 12:02:41,467:INFO:           evidently: 0.4.40
2025-10-26 12:02:41,467:INFO:               fugue: 0.8.7
2025-10-26 12:02:41,467:INFO:           streamlit: Not installed
2025-10-26 12:02:41,467:INFO:             prophet: Not installed
2025-10-26 12:02:41,467:INFO:None
2025-10-26 12:02:41,467:INFO:Set up GPU usage.
2025-10-26 12:02:41,468:WARNING:
'cuml' is a soft dependency and not included in the pycaret installation. Please run: `pip install cuml` to install.
2025-10-26 12:02:41,468:WARNING:cuML is outdated or not found. Required version is >=23.08.
                Please visit https://rapids.ai/install for installation instructions.
2025-10-26 12:02:41,468:INFO:Set up data.
2025-10-26 12:02:41,507:INFO:Set up index.
2025-10-26 12:02:41,507:INFO:Assigning column types.
2025-10-26 12:02:41,523:INFO:Engine successfully changes for model 'kmeans' to 'sklearn'.
2025-10-26 12:02:41,524:INFO:Engine successfully changes for model 'dbscan' to 'sklearn'.
2025-10-26 12:02:41,528:INFO:Preparing preprocessing pipeline...
2025-10-26 12:02:41,528:INFO:Set up simple imputation.
2025-10-26 12:02:41,544:INFO:Set up encoding of ordinal features.
2025-10-26 12:02:41,547:INFO:Set up encoding of categorical features.
2025-10-26 12:02:41,547:INFO:Set up feature normalization.
2025-10-26 12:02:52,423:WARNING:C:\Users\dhadu\AppData\Roaming\Python\Python311\site-packages\pycaret\internal\pipeline.py:249: UserWarning: Persisting input arguments took 2.11s to run.If this happens often in your code, it can cause performance problems (results will be correct in all cases). The reason for this is probably some large input arguments for a wrapped function.

2025-10-26 12:02:58,106:WARNING:C:\Users\dhadu\AppData\Roaming\Python\Python311\site-packages\pycaret\internal\pipeline.py:256: UserWarning: Persisting input arguments took 0.98s to run.If this happens often in your code, it can cause performance problems (results will be correct in all cases). The reason for this is probably some large input arguments for a wrapped function.

2025-10-26 12:02:58,768:INFO:Finished creating preprocessing pipeline.
2025-10-26 12:02:58,799:INFO:Pipeline: Pipeline(memory=FastMemory(location=C:\Users\dhadu\AppData\Local\Temp\joblib),
         steps=[('numerical_imputer',
                 TransformerWrapper(include=['TransactionAmount', 'CustomerAge',
                                             'TransactionDuration',
                                             'LoginAttempts',
                                             'AccountBalance'],
                                    transformer=SimpleImputer())),
                ('categorical_imputer',
                 TransformerWrapper(include=['TransactionID', 'AccountID',
                                             'TransactionDate'...
                                             'MerchantID', 'Channel',
                                             'CustomerOccupation',
                                             'PreviousTransactionDate'],
                                    transformer=OneHotEncoder(cols=['TransactionID',
                                                                    'AccountID',
                                                                    'TransactionDate',
                                                                    'Location',
                                                                    'DeviceID',
                                                                    'IP '
                                                                    'Address',
                                                                    'MerchantID',
                                                                    'Channel',
                                                                    'CustomerOccupation',
                                                                    'PreviousTransactionDate'],
                                                              handle_missing='return_nan',
                                                              use_cat_names=True))),
                ('normalize',
                 TransformerWrapper(transformer=StandardScaler()))])
2025-10-26 12:02:58,800:INFO:Creating final display dataframe.
2025-10-26 12:03:04,174:WARNING:C:\Users\dhadu\AppData\Roaming\Python\Python311\site-packages\pycaret\internal\pipeline.py:289: UserWarning: Persisting input arguments took 1.88s to run.If this happens often in your code, it can cause performance problems (results will be correct in all cases). The reason for this is probably some large input arguments for a wrapped function.

2025-10-26 12:03:04,192:INFO:Setup _display_container:                  Description                 Value
0                 Session id                   123
1        Original data shape            (2512, 16)
2     Transformed data shape          (2512, 7308)
3           Numeric features                     5
4       Categorical features                    11
5                 Preprocess                  True
6            Imputation type                simple
7         Numeric imputation                  mean
8     Categorical imputation                  mode
9   Maximum one-hot encoding                    -1
10           Encoding method                  None
11                 Normalize                  True
12          Normalize method                zscore
13                  CPU Jobs                    -1
14                   Use GPU                  True
15            Log Experiment                 False
16           Experiment Name  anomaly-default-name
17                       USI                  8496
2025-10-26 12:03:04,210:INFO:setup() successfully completed in 22.8s...............
2025-10-26 12:03:04,233:INFO:Initializing create_model()
2025-10-26 12:03:04,233:INFO:create_model(self=<pycaret.anomaly.oop.AnomalyExperiment object at 0x000001CF39A6AC50>, estimator=knn, num_clusters=4, fraction=0.05, ground_truth=None, round=4, fit_kwargs=None, experiment_custom_tags=None, verbose=True, system=True, add_to_model_list=True, raise_num_clusters=False, display=None, kwargs={})
2025-10-26 12:03:04,233:INFO:Checking exceptions
2025-10-26 12:03:05,601:INFO:Importing untrained model
2025-10-26 12:03:05,608:INFO:K-Nearest Neighbors Detector Imported successfully
2025-10-26 12:03:05,905:INFO:Fitting Model
2025-10-26 12:03:19,259:INFO:KNN(algorithm='auto', contamination=0.05, leaf_size=30, method='largest',
  metric='minkowski', metric_params=None, n_jobs=-1, n_neighbors=5, p=2,
  radius=1.0)
2025-10-26 12:03:19,259:INFO:create_models() successfully completed......................................
2025-10-26 12:03:19,266:INFO:Uploading results into container
2025-10-26 12:03:19,266:INFO:Uploading model into container now
2025-10-26 12:03:19,271:INFO:_master_model_container: 1
2025-10-26 12:03:19,271:INFO:_display_container: 1
2025-10-26 12:03:19,272:INFO:KNN(algorithm='auto', contamination=0.05, leaf_size=30, method='largest',
  metric='minkowski', metric_params=None, n_jobs=-1, n_neighbors=5, p=2,
  radius=1.0)
2025-10-26 12:03:19,272:INFO:create_model() successfully completed......................................
2025-10-26 12:03:19,697:INFO:Initializing evaluate_model()
2025-10-26 12:03:19,697:INFO:evaluate_model(self=<pycaret.anomaly.oop.AnomalyExperiment object at 0x000001CF39A6AC50>, estimator=KNN(algorithm='auto', contamination=0.05, leaf_size=30, method='largest',
  metric='minkowski', metric_params=None, n_jobs=-1, n_neighbors=5, p=2,
  radius=1.0), fold=None, fit_kwargs=None, plot_kwargs=None, feature_name=None, groups=None)
2025-10-26 12:03:19,712:INFO:Initializing plot_model()
2025-10-26 12:03:19,712:INFO:plot_model(self=<pycaret.anomaly.oop.AnomalyExperiment object at 0x000001CF39A6AC50>, estimator=KNN(algorithm='auto', contamination=0.05, leaf_size=30, method='largest',
  metric='minkowski', metric_params=None, n_jobs=-1, n_neighbors=5, p=2,
  radius=1.0), plot=pipeline, scale=1, save=False, fold=None, fit_kwargs={}, plot_kwargs=None, groups=None, feature_name=None, label=False, verbose=False, system=True, display=None, display_format=None)
2025-10-26 12:03:19,713:INFO:Checking exceptions
2025-10-26 12:03:19,714:INFO:Preloading libraries
2025-10-26 12:03:19,802:INFO:Copying training dataset
2025-10-26 12:03:19,802:INFO:Plot type: pipeline
2025-10-26 12:03:20,241:INFO:Visual Rendered Successfully
2025-10-26 12:03:20,574:INFO:plot_model() successfully completed......................................
2025-10-26 12:03:20,679:INFO:Initializing assign_model()
2025-10-26 12:03:20,679:INFO:assign_model(self=<pycaret.anomaly.oop.AnomalyExperiment object at 0x000001CF39A6AC50>, model=KNN(algorithm='auto', contamination=0.05, leaf_size=30, method='largest',
  metric='minkowski', metric_params=None, n_jobs=-1, n_neighbors=5, p=2,
  radius=1.0), transformation=False, score=True, verbose=True)
2025-10-26 12:03:20,680:INFO:Checking exceptions
2025-10-26 12:03:20,680:INFO:Determining Trained Model
2025-10-26 12:03:20,681:INFO:Trained Model : K-Nearest Neighbors Detector
2025-10-26 12:03:20,681:INFO:Copying data
2025-10-26 12:03:20,686:INFO:(2512, 18)
2025-10-26 12:03:20,686:INFO:assign_model() successfully completed......................................
2025-10-26 12:03:20,780:INFO:Initializing plot_model()
2025-10-26 12:03:20,781:INFO:plot_model(self=<pycaret.anomaly.oop.AnomalyExperiment object at 0x000001CF39A6AC50>, estimator=KNN(algorithm='auto', contamination=0.05, leaf_size=30, method='largest',
  metric='minkowski', metric_params=None, n_jobs=-1, n_neighbors=5, p=2,
  radius=1.0), plot=umap, scale=1, save=False, fold=None, fit_kwargs=None, plot_kwargs=None, groups=None, feature_name=None, label=False, verbose=True, system=True, display=None, display_format=None)
2025-10-26 12:03:20,781:INFO:Checking exceptions
2025-10-26 12:03:20,789:INFO:Preloading libraries
2025-10-26 12:03:20,938:INFO:Copying training dataset
2025-10-26 12:03:20,938:INFO:Plot type: umap
2025-10-26 12:03:20,939:INFO:SubProcess assign_model() called ==================================
2025-10-26 12:03:20,939:INFO:Initializing assign_model()
2025-10-26 12:03:20,939:INFO:assign_model(self=<pycaret.anomaly.oop.AnomalyExperiment object at 0x000001CF39A6AC50>, model=KNN(algorithm='auto', contamination=0.05, leaf_size=30, method='largest',
  metric='minkowski', metric_params=None, n_jobs=-1, n_neighbors=5, p=2,
  radius=1.0), transformation=True, score=False, verbose=False)
2025-10-26 12:03:20,939:INFO:Checking exceptions
2025-10-26 12:03:20,939:INFO:Determining Trained Model
2025-10-26 12:03:20,940:INFO:Trained Model : K-Nearest Neighbors Detector
2025-10-26 12:03:20,940:INFO:Copying data
2025-10-26 12:03:22,129:INFO:Transformation parameter set to True. Assigned clusters are attached on transformed dataset.
2025-10-26 12:03:22,131:INFO:(2512, 7309)
2025-10-26 12:03:22,131:INFO:assign_model() successfully completed......................................
2025-10-26 12:03:22,196:INFO:SubProcess assign_model() end ==================================
2025-10-26 12:03:22,410:INFO:Soft dependency imported: umap: 0.5.7
2025-10-26 12:03:47,297:INFO:Fitting UMAP()
2025-10-26 12:04:24,823:INFO:Rendering Visual
2025-10-26 12:04:27,027:WARNING:C:\Users\dhadu\AppData\Roaming\Python\Python311\site-packages\kaleido\_sync_server.py:11: UserWarning:



Warning: You have Plotly version 5.24.1, which is not compatible with this version of Kaleido (1.1.0).

This means that static image generation (e.g. `fig.write_image()`) will not work.

Please upgrade Plotly to version 6.1.1 or greater, or downgrade Kaleido to version 0.2.1.



2025-10-26 12:04:27,595:INFO:Visual Rendered Successfully
2025-10-26 12:04:28,087:INFO:plot_model() successfully completed......................................
2025-10-26 12:04:29,115:INFO:Initializing save_model()
2025-10-26 12:04:29,115:INFO:save_model(model=KNN(algorithm='auto', contamination=0.05, leaf_size=30, method='largest',
  metric='minkowski', metric_params=None, n_jobs=-1, n_neighbors=5, p=2,
  radius=1.0), model_name=best_anomaly_model, prep_pipe_=Pipeline(memory=FastMemory(location=C:\Users\dhadu\AppData\Local\Temp\joblib),
         steps=[('numerical_imputer',
                 TransformerWrapper(include=['TransactionAmount', 'CustomerAge',
                                             'TransactionDuration',
                                             'LoginAttempts',
                                             'AccountBalance'],
                                    transformer=SimpleImputer())),
                ('categorical_imputer',
                 TransformerWrapper(include=['TransactionID', 'AccountID',
                                             'TransactionDate'...
                                             'MerchantID', 'Channel',
                                             'CustomerOccupation',
                                             'PreviousTransactionDate'],
                                    transformer=OneHotEncoder(cols=['TransactionID',
                                                                    'AccountID',
                                                                    'TransactionDate',
                                                                    'Location',
                                                                    'DeviceID',
                                                                    'IP '
                                                                    'Address',
                                                                    'MerchantID',
                                                                    'Channel',
                                                                    'CustomerOccupation',
                                                                    'PreviousTransactionDate'],
                                                              handle_missing='return_nan',
                                                              use_cat_names=True))),
                ('normalize',
                 TransformerWrapper(transformer=StandardScaler()))]), verbose=True, use_case=MLUsecase.ANOMALY, kwargs={})
2025-10-26 12:04:29,115:INFO:Adding model into prep_pipe
2025-10-26 12:04:32,685:INFO:best_anomaly_model.pkl saved in current working directory
2025-10-26 12:04:32,786:INFO:Pipeline(memory=Memory(location=None),
         steps=[('numerical_imputer',
                 TransformerWrapper(include=['TransactionAmount', 'CustomerAge',
                                             'TransactionDuration',
                                             'LoginAttempts',
                                             'AccountBalance'],
                                    transformer=SimpleImputer())),
                ('categorical_imputer',
                 TransformerWrapper(include=['TransactionID', 'AccountID',
                                             'TransactionDate',
                                             'TransactionType', 'Location',
                                             'DeviceID'...
                                                                    'MerchantID',
                                                                    'Channel',
                                                                    'CustomerOccupation',
                                                                    'PreviousTransactionDate'],
                                                              handle_missing='return_nan',
                                                              use_cat_names=True))),
                ('normalize', TransformerWrapper(transformer=StandardScaler())),
                ('trained_model',
                 KNN(algorithm='auto', contamination=0.05, leaf_size=30, method='largest',
  metric='minkowski', metric_params=None, n_jobs=-1, n_neighbors=5, p=2,
  radius=1.0))])
2025-10-26 12:04:32,788:INFO:save_model() successfully completed......................................
